// Jest Snapshot v1, https://goo.gl/fbAQLP

exports[`Pag2DVideoCmp Component matches snapshot 1`] = `
<div>
  <Loader>
    Loading
  </Loader>
  <SideMenu
    itemActive="1"
    items={
      Array [
        Object {
          "active": false,
          "ico": "start.svg",
          "name": "Home",
          "url": "#/",
        },
        Object {
          "active": false,
          "ico": "video-player.svg",
          "name": "2D/3D Video",
          "url": "#/2dvideo",
        },
        Object {
          "active": false,
          "ico": "360-degrees.svg",
          "name": "360 Video",
          "url": "#/360video",
        },
        Object {
          "active": false,
          "ico": "3d-printer.svg",
          "name": "3D Model Animation",
          "url": "#/3dmodel",
        },
      ]
    }
    title="2D/3D Video"
  />
  <TopMenu
    leftIcon="burger-icon.svg"
    onClickMenuBtn={[Function]}
  >
    <a
      className="top-menu-item"
      onClick={[Function]}
      style={
        Object {
          "width": "50px",
        }
      }
    >
      Play
    </a>
    <a
      className="top-menu-item"
      onClick={[Function]}
      style={
        Object {
          "width": "50px",
        }
      }
    >
      Pause
    </a>
  </TopMenu>
  <a-scene
    cursor="rayOrigin: mouse"
    raycaster="far: 100; objects: [src='#video-play-image']; interval: 150"
  >
    <a-assets
      id="assets"
    >
      <video
        id="video1"
        preload="auto"
      >
        <source
          src="video/echo-hereweare.mp4"
          type="video/mp4"
        />
      </video>
      <video
        id="video2"
        preload="auto"
      >
        <source
          src="video/canguros.mp4"
          type="video/mp4"
        />
      </video>
      <img
        id="video-play-image"
        src="img/play-video-btn.png"
      />
      <img
        id="video-pause-image"
        src="img/pause-video-btn.png"
      />
    </a-assets>
    <a-camera
      position="0 0.5 1"
      reverse-mouse-drag="true"
    >
      <a-cursor
        color="yellow"
        id="cursor"
      />
    </a-camera>
    <a-videosphere
      src="#video2"
    />
    <a-entity
      rotation="0 -45 0"
    >
      <a-video
        position="0 2.5 -1"
        scale="2 1 0"
        src="#video1"
      />
      <a-entity
        video-controls="src:#video1; distance:1; size:2"
      />
    </a-entity>
  </a-scene>
</div>
`;
