// Jest Snapshot v1, https://goo.gl/fbAQLP

exports[`Pag3DModel Component matches snapshot 1`] = `
<div>
  <Loader>
    Loading
  </Loader>
  <SideMenu
    itemActive="3"
    items={
      Array [
        Object {
          "active": false,
          "ico": "start.svg",
          "name": "Home",
          "url": "#/",
        },
        Object {
          "active": false,
          "ico": "video-player.svg",
          "name": "2D/3D Video",
          "url": "#/2dvideo",
        },
        Object {
          "active": false,
          "ico": "360-degrees.svg",
          "name": "360 Video",
          "url": "#/360video",
        },
        Object {
          "active": false,
          "ico": "3d-printer.svg",
          "name": "3D Model Animation",
          "url": "#/3dmodel",
        },
      ]
    }
    title="3D Model Animation"
  />
  <TopMenu
    onClickMenuBtn={[Function]}
  >
    <a
      className="top-menu-item"
      id="btnIdle"
      onClick={[Function]}
    >
      Walk
    </a>
    <a
      className="top-menu-item"
      id="btnRun"
      onClick={[Function]}
    >
      Run
    </a>
    <a
      className="top-menu-item"
      id="btnIdle"
      onClick={[Function]}
    >
      Jump
    </a>
    <a
      className="top-menu-item"
      id="btnIdle"
      onClick={[Function]}
    >
      Stop
    </a>
  </TopMenu>
  <a-scene>
    <a-assets>
      <img
        id="sky"
        src="img/square.jpg"
      />
      <a-asset-item
        id="botmodel"
        src="models/bot4.json"
      />
    </a-assets>
    <a-sky
      rotation="0 -90 0"
      src="#sky"
    />
    <a-entity
      position="0 1 0"
    >
      <a-entity
        camera="userHeight: 0; near: 0.5; fov: 100"
        orbit-controls="autoRotate:true;target:#bot;enableDamping:true;dampingFactor:0.1;rotateSpeed:0.1;autoRotateSpeed:0.15;zoomSpeed:0.5;minDistance:0;maxDistance:100;invertZoom:true"
        position="0 -0.5 1.25"
      />
    </a-entity>
    <a-entity
      animation-mixer="clip: idle; crossFadeDuration: 0.5"
      id="bot"
      json-model="src: #botmodel"
      position="0 0 0"
      scale="1 1 1"
    />
    <a-plane
      color="#4d672b"
      height="100"
      rotation="-90 0 0"
      width="33"
    />
  </a-scene>
</div>
`;
