// Jest Snapshot v1, https://goo.gl/fbAQLP

exports[`Pag360VideoCmp Component matches snapshot 1`] = `
<div>
  <Loader>
    Loading
  </Loader>
  <SideMenu
    itemActive="2"
    items={
      Array [
        Object {
          "active": false,
          "ico": "start.svg",
          "name": "Home",
          "url": "#/",
        },
        Object {
          "active": false,
          "ico": "video-player.svg",
          "name": "2D/3D Video",
          "url": "#/2dvideo",
        },
        Object {
          "active": false,
          "ico": "360-degrees.svg",
          "name": "360 Video",
          "url": "#/360video",
        },
        Object {
          "active": false,
          "ico": "3d-printer.svg",
          "name": "3D Model Animation",
          "url": "#/3dmodel",
        },
      ]
    }
    title="React + AFrame"
  />
  <TopMenu
    onClickMenuBtn={[Function]}
  >
    <a
      className="top-menu-item player-btn"
      onClick={[Function]}
    >
      Play
    </a>
    <a
      className="top-menu-item player-btn"
      onClick={[Function]}
    >
      Pause
    </a>
  </TopMenu>
  <a-scene>
    <a-assets>
      <video
        id="videoEntity"
        preload="auto"
        src="video/360-fractal-4.mp4"
      />
    </a-assets>
    <a-camera
      reverse-mouse-drag="true"
    />
    <a-videosphere
      rotation="0 -90 0"
      src="#videoEntity"
    />
  </a-scene>
</div>
`;
