// Jest Snapshot v1, https://goo.gl/fbAQLP

exports[`<Pag360VideoCmp/> Matches snapshot 1`] = `
<div>
  <div
    className="fade-in"
    id="loader-element"
    style={
      Object {
        "position": "absolute",
        "textAlign": "center",
        "top": "41%",
        "width": "100%",
        "zIndex": 11,
      }
    }
  >
    <div
      style={
        Object {
          "backgroundColor": "white",
          "borderRadius": "4px",
          "boxShadow": "grey 0 0 10px 0",
          "color": "black",
          "display": "block",
          "fontFamily": "verdana, sans-serif",
          "fontSize": "small",
          "margin": "auto",
          "padding": "20px",
          "textAlign": "center",
          "width": "70px",
        }
      }
    >
      <img
        src="img/history3.svg"
        style={
          Object {
            "verticalAlign": "middle",
          }
        }
      />
      <div
        style={
          Object {
            "paddingTop": "5px",
          }
        }
      >
        Loading
      </div>
    </div>
  </div>
  <div
    className="sideMenuContainer slide-in-left"
  >
    <div
      className="sideMenuContent"
    >
      <h1
        className="side-menu-title"
      >
        React + AFrame
      </h1>
      <hr />
      <div
        className="side-menu-btn-close"
        onClick={[Function]}
      >
        <img
          className="vertical-center"
          src="close-btn.svg"
        />
      </div>
      <div
        className="items-container"
      >
        <div
          className="side-menu-item"
        >
          <img
            className="icon-item"
            src="start.svg"
          />
          <a
            href="#/"
          >
            Start
          </a>
        </div>
        <div
          className="side-menu-item"
        >
          <img
            className="icon-item"
            src="video-player.svg"
          />
          <a
            href="#/2dvideo"
          >
            2D/3D Video
          </a>
        </div>
        <div
          className="side-menu-item active"
        >
          <img
            className="icon-item"
            src="360-degrees.svg"
          />
          <a
            href="#/360video"
          >
            360 Video
          </a>
        </div>
        <div
          className="side-menu-item"
        >
          <img
            className="icon-item"
            src="3d-printer.svg"
          />
          <a
            href="#/3dmodel"
          >
            3D Model Animation
          </a>
        </div>
      </div>
    </div>
  </div>
  <div
    className="top-menu"
  >
    <img
      className="top-menu-icon-left"
      onClick={[Function]}
      src="left-arrow.svg"
    />
    <a
      className="top-menu-item player-btn"
      onClick={[Function]}
    >
      Play
    </a>
    <a
      className="top-menu-item player-btn"
      onClick={[Function]}
    >
      Pause
    </a>
    <img
      className="top-menu-icon-right"
      onClick={[Function]}
      src="burger-icon.svg"
    />
  </div>
  <a-scene>
    <a-assets>
      <video
        id="videoEntity"
        src="video/360-fractal-4.mp4"
      />
    </a-assets>
    <a-camera
      reverse-mouse-drag="true"
    />
    <a-videosphere
      rotation="0 -90 0"
      src="#videoEntity"
    />
  </a-scene>
</div>
`;
